libc/string/arm/bcopy.S
libc/string/arm/bzero.S
libc/string/arm/memcpy.S
libc/string/arm/_memcpy.S
libc/string/arm/memcmp.S
libc/string/arm/memmove.S
libc/string/arm/memset.S
libc/string/arm/strcmp.S
libc/string/arm/strlen.S
libc/string/arm/strncmp.S
libc/string/generic/memmem.c
libc/string/generic/mempcpy.c
libc/string/generic/memchr.c
libc/string/generic/memcopy.h
libc/string/generic/memrchr.c
libc/string/generic/bp-checks.h
libc/string/generic/rawmemchr.c
libc/string/generic/strcat.c
libc/string/generic/strchr.c
libc/string/generic/strchrnul.c
libc/string/generic/strcpy.c
libc/string/generic/strcspn.c
libc/string/generic/strncat.c
libc/string/generic/strncpy.c
libc/string/generic/strnlen.c
libc/string/generic/strrchr.c
libc/string/generic/strsep.c
libc/string/generic/strspn.c
libc/string/generic/strstr.c
libc/string/generic/strtok_r.c
libc/sysdeps/linux/common/bits/atomic.h
libc/sysdeps/linux/common/bits/byteswap.h
libc/sysdeps/linux/common/bits/confname.h
libc/sysdeps/linux/common/bits/dirent.h
libc/sysdeps/linux/common/bits/environments.h
libc/sysdeps/linux/common/bits/errno.h
libc/sysdeps/linux/common/bits/errno_values.h
libc/sysdeps/linux/common/bits/getopt.h
libc/sysdeps/linux/common/bits/in.h
libc/sysdeps/linux/common/bits/ioctls.h
libc/sysdeps/linux/common/bits/ioctl-types.h
libc/sysdeps/linux/common/bits/locale.h
libc/sysdeps/linux/common/bits/local_lim.h
libc/sysdeps/linux/common/bits/mathcalls.h
libc/sysdeps/linux/common/bits/nan.h
libc/sysdeps/linux/common/bits/netdb.h
libc/sysdeps/linux/common/bits/poll.h
libc/sysdeps/linux/common/bits/posix1_lim.h
libc/sysdeps/linux/common/bits/posix2_lim.h
libc/sysdeps/linux/common/bits/posix_opt.h
libc/sysdeps/linux/common/bits/sched.h
libc/sysdeps/linux/common/bits/select.h
libc/sysdeps/linux/common/bits/sigaction.h
libc/sysdeps/linux/common/bits/sigcontext.h
libc/sysdeps/linux/common/bits/siginfo.h
libc/sysdeps/linux/common/bits/signum.h
libc/sysdeps/linux/common/bits/sigset.h
libc/sysdeps/linux/common/bits/sigstack.h
libc/sysdeps/linux/common/bits/socket.h
libc/sysdeps/linux/common/bits/sockaddr.h
libc/sysdeps/linux/common/bits/stat.h
libc/sysdeps/linux/common/bits/stdio_lim.h
libc/sysdeps/linux/common/bits/termios.h
libc/sysdeps/linux/common/bits/time.h
libc/sysdeps/linux/common/bits/types.h
libc/sysdeps/linux/common/bits/uClibc_clk_tck.h
libc/sysdeps/linux/common/bits/uClibc_fpmax.h
libc/sysdeps/linux/common/bits/uClibc_locale.h
libc/sysdeps/linux/common/bits/uClibc_touplow.h
libc/sysdeps/linux/common/bits/uClibc_uintmaxtostr.h
libc/sysdeps/linux/common/bits/uClibc_va_copy.h
libc/sysdeps/linux/common/bits/uio.h
libc/sysdeps/linux/common/bits/utsname.h
libc/sysdeps/linux/common/bits/waitflags.h
libc/sysdeps/linux/common/bits/waitstatus.h
libc/sysdeps/linux/common/bits/xopen_lim.h
libc/sysdeps/linux/arm/setjmp.S
libc/sysdeps/linux/arm/__longjmp.S
libc/sysdeps/linux/arm/bsd-setjmp.S
libc/sysdeps/linux/arm/bsd-_setjmp.S
libc/sysdeps/linux/arm/bits/endian.h
libc/sysdeps/linux/arm/bits/fcntl.h
libc/sysdeps/linux/arm/bits/fenv.h
libc/sysdeps/linux/arm/bits/huge_val.h
libc/sysdeps/linux/arm/bits/kernel_types.h
libc/sysdeps/linux/arm/bits/mathdef.h
libc/sysdeps/linux/arm/bits/mman.h
libc/sysdeps/linux/arm/bits/stackinfo.h
libc/sysdeps/linux/arm/bits/uClibc_arch_features.h
libc/sysdeps/linux/arm/bits/resource.h
libc/sysdeps/linux/arm/bits/setjmp.h
libc/sysdeps/linux/arm/bits/wordsize.h
libc/sysdeps/linux/arm/sys/ucontext.h
libc/sysdeps/linux/arm/sys/procfs.h
libc/sysdeps/linux/arm/sys/user.h
