libc/string/_string.h
libc/string/bcopy.c
libc/string/memmove.c
libc/string/memchr.c
libc/string/memcmp.c
libc/string/memmem.c
libc/string/memrchr.c
libc/string/rawmemchr.c
libc/string/strncpy.c
libc/string/strncat.c
libc/string/strncmp.c
libc/string/strrchr.c
libc/string/strnlen.c
libc/string/strchrnul.c
libc/string/strsep.c
libc/string/strstr.c
libc/string/strtok_r.c
libc/string/x86_64/_glibc_inc.h
libc/string/x86_64/bzero.S
libc/string/x86_64/memcpy.S
libc/string/x86_64/mempcpy.S
libc/string/x86_64/memset.S
libc/string/x86_64/strcat.S
libc/string/x86_64/strchr.S
libc/string/x86_64/strcmp.S
libc/string/x86_64/strcpy.S
libc/string/x86_64/strcspn.S
libc/string/x86_64/strlen.S
libc/string/x86_64/strspn.S
libc/string/x86_64/strpbrk.S
libc/sysdeps/linux/common/bits/confname.h
libc/sysdeps/linux/common/bits/dirent.h
libc/sysdeps/linux/common/bits/environments.h
libc/sysdeps/linux/common/bits/errno.h
libc/sysdeps/linux/common/bits/errno_values.h
libc/sysdeps/linux/common/bits/getopt.h
libc/sysdeps/linux/common/bits/huge_val.h
libc/sysdeps/linux/common/bits/in.h
libc/sysdeps/linux/common/bits/ioctls.h
libc/sysdeps/linux/common/bits/ioctl-types.h
libc/sysdeps/linux/common/bits/locale.h
libc/sysdeps/linux/common/bits/local_lim.h
libc/sysdeps/linux/common/bits/mathcalls.h
libc/sysdeps/linux/common/bits/nan.h
libc/sysdeps/linux/common/bits/netdb.h
libc/sysdeps/linux/common/bits/poll.h
libc/sysdeps/linux/common/bits/posix1_lim.h
libc/sysdeps/linux/common/bits/posix2_lim.h
libc/sysdeps/linux/common/bits/posix_opt.h
libc/sysdeps/linux/common/bits/sched.h
libc/sysdeps/linux/common/bits/select.h
libc/sysdeps/linux/common/bits/sigaction.h
libc/sysdeps/linux/common/bits/sigcontext.h
libc/sysdeps/linux/common/bits/siginfo.h
libc/sysdeps/linux/common/bits/signum.h
libc/sysdeps/linux/common/bits/sigset.h
libc/sysdeps/linux/common/bits/sigstack.h
libc/sysdeps/linux/common/bits/socket.h
libc/sysdeps/linux/common/bits/sockaddr.h
libc/sysdeps/linux/common/bits/stat.h
libc/sysdeps/linux/common/bits/stdio_lim.h
libc/sysdeps/linux/common/bits/termios.h
libc/sysdeps/linux/common/bits/time.h
libc/sysdeps/linux/common/bits/types.h
libc/sysdeps/linux/common/bits/uClibc_clk_tck.h
libc/sysdeps/linux/common/bits/uClibc_fpmax.h
libc/sysdeps/linux/common/bits/uClibc_locale.h
libc/sysdeps/linux/common/bits/uClibc_touplow.h
libc/sysdeps/linux/common/bits/uClibc_uintmaxtostr.h
libc/sysdeps/linux/common/bits/uClibc_va_copy.h
libc/sysdeps/linux/common/bits/uio.h
libc/sysdeps/linux/common/bits/utsname.h
libc/sysdeps/linux/common/bits/waitflags.h
libc/sysdeps/linux/common/bits/waitstatus.h
libc/sysdeps/linux/common/bits/xopen_lim.h
libc/sysdeps/linux/x86_64/setjmp.S
libc/sysdeps/linux/x86_64/__longjmp.S
libc/sysdeps/linux/x86_64/bits/atomic.h
libc/sysdeps/linux/x86_64/bits/byteswap.h
libc/sysdeps/linux/x86_64/bits/endian.h
libc/sysdeps/linux/x86_64/bits/fcntl.h
libc/sysdeps/linux/x86_64/bits/fenv.h
libc/sysdeps/linux/x86_64/bits/kernel_types.h
libc/sysdeps/linux/x86_64/bits/mathdef.h
libc/sysdeps/linux/x86_64/bits/mman.h
libc/sysdeps/linux/x86_64/bits/setjmp.h
libc/sysdeps/linux/x86_64/bits/stackinfo.h
libc/sysdeps/linux/x86_64/bits/uClibc_arch_features.h
libc/sysdeps/linux/x86_64/bits/wordsize.h
libc/sysdeps/linux/x86_64/sys/ucontext.h
