include/sys/ucontext.h
libc/string/wstring.c				bcopy__FN
libc/string/wstring.c				bzero__FN
libc/string/i386/string.c			strcpy__FN
libc/string/i386/string.c			strncpy__FN
libc/string/i386/string.c			strcat__FN
libc/string/i386/string.c			strncat__FN
libc/string/i386/string.c			strcmp__FN
libc/string/i386/string.c			strncmp__FN
libc/string/i386/string.c			strchr__FN
libc/string/i386/string.c			strrchr__FN
libc/string/i386/string.c			strlen__FN
libc/string/i386/string.c			strnlen__FN
libc/string/i386/string.c			memcpy__FN
libc/string/i386/string.c			memmove__FN
libc/string/i386/string.c			memchr__FN
libc/string/i386/string.c			memset__FN
libc/string/generic/memcmp.c
libc/string/generic/memmem.c
libc/string/generic/mempcpy.c
libc/string/generic/memcopy.h
libc/string/generic/memrchr.c
libc/string/generic/rawmemchr.c
libc/string/generic/strchrnul.c
libc/string/generic/strcspn.c
libc/string/generic/strsep.c
libc/string/generic/strspn.c
libc/string/generic/strstr.c
libc/string/generic/strtok_r.c
libc/sysdeps/linux/common/bits/confname.h
libc/sysdeps/linux/common/bits/dirent.h
libc/sysdeps/linux/common/bits/environments.h
libc/sysdeps/linux/common/bits/errno.h
libc/sysdeps/linux/common/bits/errno_values.h
libc/sysdeps/linux/common/bits/getopt.h
libc/sysdeps/linux/common/bits/in.h
libc/sysdeps/linux/common/bits/ioctls.h
libc/sysdeps/linux/common/bits/ioctl-types.h
libc/sysdeps/linux/common/bits/locale.h
libc/sysdeps/linux/common/bits/local_lim.h
libc/sysdeps/linux/common/bits/mathcalls.h
libc/sysdeps/linux/common/bits/nan.h
libc/sysdeps/linux/common/bits/netdb.h
libc/sysdeps/linux/common/bits/posix1_lim.h
libc/sysdeps/linux/common/bits/posix2_lim.h
libc/sysdeps/linux/common/bits/posix_opt.h
libc/sysdeps/linux/common/bits/sched.h
libc/sysdeps/linux/common/bits/sigaction.h
libc/sysdeps/linux/common/bits/sigcontext.h
libc/sysdeps/linux/common/bits/siginfo.h
libc/sysdeps/linux/common/bits/signum.h
libc/sysdeps/linux/common/bits/sigset.h
libc/sysdeps/linux/common/bits/sigstack.h
libc/sysdeps/linux/common/bits/socket.h
libc/sysdeps/linux/common/bits/sockaddr.h
libc/sysdeps/linux/common/bits/stat.h
libc/sysdeps/linux/common/bits/stdio_lim.h
libc/sysdeps/linux/common/bits/termios.h
libc/sysdeps/linux/common/bits/time.h
libc/sysdeps/linux/common/bits/types.h
libc/sysdeps/linux/common/bits/uClibc_clk_tck.h
libc/sysdeps/linux/common/bits/uClibc_fpmax.h
libc/sysdeps/linux/common/bits/uClibc_locale.h
libc/sysdeps/linux/common/bits/uClibc_touplow.h
libc/sysdeps/linux/common/bits/uClibc_uintmaxtostr.h
libc/sysdeps/linux/common/bits/uClibc_va_copy.h
libc/sysdeps/linux/common/bits/uio.h
libc/sysdeps/linux/common/bits/utsname.h
libc/sysdeps/linux/common/bits/waitflags.h
libc/sysdeps/linux/common/bits/waitstatus.h
libc/sysdeps/linux/common/bits/xopen_lim.h
libc/sysdeps/linux/i386/setjmp.S
libc/sysdeps/linux/i386/__longjmp.S
libc/sysdeps/linux/i386/bsd-setjmp.S
libc/sysdeps/linux/i386/bsd-_setjmp.S
libc/sysdeps/linux/i386/bits/byteswap.h
libc/sysdeps/linux/i386/bits/endian.h
libc/sysdeps/linux/i386/bits/fcntl.h
libc/sysdeps/linux/i386/bits/fenv.h
libc/sysdeps/linux/i386/bits/huge_val.h
libc/sysdeps/linux/i386/bits/kernel_types.h
libc/sysdeps/linux/i386/bits/mathdef.h
libc/sysdeps/linux/i386/bits/mman.h
libc/sysdeps/linux/i386/bits/select.h
libc/sysdeps/linux/i386/bits/setjmp.h
libc/sysdeps/linux/i386/bits/wordsize.h
libc/sysdeps/linux/i386/bits/resource.h
libc/sysdeps/linux/i386/sys/ucontext.h
