# #########################################################
# setup German keyboard
setkey parenleft asterisk
setkey parenright parenleft
setkey equal parenright
setkey slash ampersand
setkey question underscore
setkey minus slash
setkey underscore question
setkey z y
setkey y z

# no timeout
timeout 0
default 0

#serial --unit=1 --speed=115200
#terminal serial console

# #########################################################

set R = (nd)/tftpboot/cw183155
set QT3 = $(R)/qt3

# #########################################################

title Qt3: QRun via TFTP

kernel $(R)/bin-qt/bootstrap -sigma0 -roottask -symbols -serial 
modaddr 0x03000000
module $(R)/fiasco/build/fiasco -nokdb -nowait -serial -comport 1 -serial_esc -jdb_cmd=JH
module $(R)/bin-qt/sigma0
module $(R)/bin-qt/roottask -sigma0 -symbols -lines task modname "bmodfs" attached 2 modules
module $(R)/fiasco/build/Symbols
module $(R)/fiasco/build/Lines
module $(R)/bin-qt/names
module $(R)/bin-qt/dm_phys
module $(R)/bin-qt/log
module $(R)/bin-qt/rtc
module $(R)/bin-qt/l4io --noirq
module $(R)/bin-qt/tftp --l4io
module $(R)/bin-qt/events
module $(R)/bin-qt/simple_ts --events --tasks 300
module $(R)/bin-qt/con --l4io --vbe=0x117
module $(R)/bin-qt/name_server
module $(R)/bin-qt/local_socks
module $(R)/bin-qt/l4exec
module $(R)/bin-qt/bmodfs
 module $(R)/cfg/cfg_qrun
 module $(R)/bin-qt/bmodfs
module $(R)/bin-qt/loader $(R)/cfg/cfg_qt3_file_servers $(R)/cfg/cfg_qrun

# #########################################################

title Qt3: QRun via BMODFS

kernel $(R)/bin-qt/bootstrap -sigma0 -roottask -serial 
modaddr 0x02000000
module $(R)/fiasco/build/fiasco -nokdb -nowait -serial -comport 1 -jdb_cmd=JH
module $(R)/bin-qt/sigma0
module $(R)/bin-qt/roottask -sigma0 task modname "bmodfs" attached 34 moddules
module $(R)/bin-qt/names
module $(R)/bin-qt/dm_phys --events
module $(R)/bin-qt/log
module $(R)/bin-qt/rtc
module $(R)/bin-qt/l4io --noirq
module $(R)/bin-qt/events
module $(R)/bin-qt/simple_ts --events --tasks 300
module $(R)/bin-qt/con --l4io --vbe=0x117
module $(R)/bin-qt/name_server
module $(R)/bin-qt/local_socks --events
module $(R)/bin-qt/l4exec
module $(R)/bin-qt/usbhid
module $(R)/bin-qt/bmodfs
 module $(R)/bin-qt/libloader.s.so
 module $(R)/bin-qt/simple_file_server
 module $(R)/bin-qt/tmpfs
 module $(R)/bin-qt/fstab
 module $(R)/bin-qt/qt3_qrun
 module $(R)/bin-qt/qt3_sheep
 module $(R)/bin-qt/qt3_qvv
 module $(R)/bin-qt/qt3_top
 module $(R)/bin-qt/qt3_qtinyeditor
 module $(R)/bin-qt/qt3_widgets
 module $(R)/bin-qt/qt3_tutorial
 module $(R)/cfg/cfg_qrun
 module $(R)/cfg/cfg_qt3_file_servers
 module $(QT3)/fonts/fontdir
 module $(QT3)/fonts/helvetica_100_50.qpf
 module $(QT3)/fonts/helvetica_100_50i.qpf
 module $(QT3)/fonts/helvetica_100_75.qpf
 module $(QT3)/fonts/helvetica_180_50.qpf
 module $(QT3)/text/README.qrun
 module $(QT3)/text/application.cc
 module $(QT3)/images/Bay.jpg
 module $(QT3)/images/Fantasy.jpg
 module $(QT3)/images/GreenInfinity.jpg
 module $(QT3)/images/Redwoods.jpg
 module $(QT3)/images/qt.png
 module $(QT3)/images/trolltech.gif
 module $(QT3)/sheep/speicher.ini
 module $(QT3)/sheep/gameparm.ini
 module $(QT3)/sheep/hiscore.ini
 module $(QT3)/sheep/userlevels.csv
 module $(QT3)/sheep/levelfile.csv
 module $(QT3)/sheep/hiscore.csv
 module $(QT3)/sheep/help.rtf
 module $(QT3)/sheep/about.rtf
module $(R)/bin-qt/loader --fprov=BMODFS --events cfg_qt3_file_servers cfg_qrun

