default 1
timeout -1
color light-gray/black black/green
setkey parenleft asterisk
setkey parenright parenleft
setkey equal parenright
setkey slash ampersand
setkey question underscore
setkey minus slash
setkey underscore question
setkey z y
setkey y z

title = Back to Main
configfile (nd)/tftpboot/ra3/menu.lst

title = Loader (andy1) - VMWare
kernel (nd)/tftpboot/ra3/pub/rmgr -sigma0 task modname "run" task modname "andy1-test"
modaddr 0x02000000
module (nd)/tftpboot/ra3/pub/fiasco -nowait -vmware -serial -nokdb -serial_esc
module (nd)/tftpboot/ra3/pub/sigma0
module (nd)/tftpboot/ra3/pub/names
module (nd)/tftpboot/ra3/pub/log
module (nd)/tftpboot/ra3/pub/dm_phys
module (nd)/tftpboot/ra3/pub/con
module (nd)/tftpboot/ra3/pub/simple_ts
module (nd)/tftpboot/ra3/pub/tftp
module (nd)/tftpboot/ra3/pub/l4exec
module (nd)/tftpboot/ra3/pub/loader (nd)/tftpboot/ra3/pub/cfg_run (nd)/tftpboot/ra3/dice_tests/cfg_andy1
vbeset 0x4021

title = Loader (andy2) - VMWare
kernel (nd)/tftpboot/ra3/pub/rmgr -sigma0 task modname "run" task modname "andy2-test"
modaddr 0x02000000
module (nd)/tftpboot/ra3/pub/fiasco -nowait -vmware -serial -nokdb -serial_esc
module (nd)/tftpboot/ra3/pub/sigma0
module (nd)/tftpboot/ra3/pub/names
module (nd)/tftpboot/ra3/pub/log
module (nd)/tftpboot/ra3/pub/dm_phys
module (nd)/tftpboot/ra3/pub/con
module (nd)/tftpboot/ra3/pub/simple_ts
module (nd)/tftpboot/ra3/pub/tftp
module (nd)/tftpboot/ra3/pub/l4exec
module (nd)/tftpboot/ra3/pub/loader (nd)/tftpboot/ra3/pub/cfg_run (nd)/tftpboot/ra3/dice_tests/cfg_andy2
vbeset 0x4021

title = Loader (andy3) - VMWare
kernel (nd)/tftpboot/ra3/pub/rmgr -sigma0 task modname "run" task modname "andy3-test"
modaddr 0x02000000
module (nd)/tftpboot/ra3/pub/fiasco -nowait -vmware -serial -nokdb -serial_esc
module (nd)/tftpboot/ra3/pub/sigma0
module (nd)/tftpboot/ra3/pub/names
module (nd)/tftpboot/ra3/pub/log
module (nd)/tftpboot/ra3/pub/dm_phys
module (nd)/tftpboot/ra3/pub/con
module (nd)/tftpboot/ra3/pub/simple_ts
module (nd)/tftpboot/ra3/pub/tftp
module (nd)/tftpboot/ra3/pub/l4exec
module (nd)/tftpboot/ra3/pub/loader (nd)/tftpboot/ra3/pub/cfg_run (nd)/tftpboot/ra3/dice_tests/cfg_andy3
vbeset 0x4021

title = Loader (andy4) - VMWare
kernel (nd)/tftpboot/ra3/pub/rmgr -sigma0 task modname "run" task modname "andy4-test"
modaddr 0x02000000
module (nd)/tftpboot/ra3/pub/fiasco -nowait -vmware -serial -nokdb -serial_esc
module (nd)/tftpboot/ra3/pub/sigma0
module (nd)/tftpboot/ra3/pub/names
module (nd)/tftpboot/ra3/pub/log
module (nd)/tftpboot/ra3/pub/dm_phys
module (nd)/tftpboot/ra3/pub/con
module (nd)/tftpboot/ra3/pub/simple_ts
module (nd)/tftpboot/ra3/pub/tftp
module (nd)/tftpboot/ra3/pub/l4exec
module (nd)/tftpboot/ra3/pub/loader (nd)/tftpboot/ra3/pub/cfg_run (nd)/tftpboot/ra3/dice_tests/cfg_andy4
vbeset 0x4021

title = Loader (andy5) - VMWare
kernel (nd)/tftpboot/ra3/pub/rmgr -sigma0 task modname "run" task modname "andy5-test"
modaddr 0x02000000
module (nd)/tftpboot/ra3/pub/fiasco -nowait -vmware -serial -nokdb -serial_esc
module (nd)/tftpboot/ra3/pub/sigma0
module (nd)/tftpboot/ra3/pub/names
module (nd)/tftpboot/ra3/pub/log
module (nd)/tftpboot/ra3/pub/dm_phys
module (nd)/tftpboot/ra3/pub/con
module (nd)/tftpboot/ra3/pub/simple_ts
module (nd)/tftpboot/ra3/pub/tftp
module (nd)/tftpboot/ra3/pub/l4exec
module (nd)/tftpboot/ra3/pub/loader (nd)/tftpboot/ra3/pub/cfg_run (nd)/tftpboot/ra3/dice_tests/cfg_andy5
vbeset 0x4021

title = Loader (andy6) - VMWare
kernel (nd)/tftpboot/ra3/pub/rmgr -sigma0 task modname "run" task modname "andy6-test"
modaddr 0x02000000
module (nd)/tftpboot/ra3/pub/fiasco -nowait -vmware -serial -nokdb -serial_esc
module (nd)/tftpboot/ra3/pub/sigma0
module (nd)/tftpboot/ra3/pub/names
module (nd)/tftpboot/ra3/pub/log
module (nd)/tftpboot/ra3/pub/dm_phys
module (nd)/tftpboot/ra3/pub/con
module (nd)/tftpboot/ra3/pub/simple_ts
module (nd)/tftpboot/ra3/pub/tftp
module (nd)/tftpboot/ra3/pub/l4exec
module (nd)/tftpboot/ra3/pub/loader (nd)/tftpboot/ra3/pub/cfg_run (nd)/tftpboot/ra3/dice_tests/cfg_andy6
vbeset 0x4021

title = Loader (array_idl) - VMWare
kernel (nd)/tftpboot/ra3/pub/rmgr -sigma0 task modname "run" task modname "array_idl-test"
modaddr 0x02000000
module (nd)/tftpboot/ra3/pub/fiasco -nowait -vmware -serial -nokdb -serial_esc
module (nd)/tftpboot/ra3/pub/sigma0
module (nd)/tftpboot/ra3/pub/names
module (nd)/tftpboot/ra3/pub/log
module (nd)/tftpboot/ra3/pub/dm_phys
module (nd)/tftpboot/ra3/pub/con
module (nd)/tftpboot/ra3/pub/simple_ts
module (nd)/tftpboot/ra3/pub/tftp
module (nd)/tftpboot/ra3/pub/l4exec
module (nd)/tftpboot/ra3/pub/loader (nd)/tftpboot/ra3/pub/cfg_run (nd)/tftpboot/ra3/dice_tests/cfg_array_idl
vbeset 0x4021

title = Loader (corba_idl) - VMWare
kernel (nd)/tftpboot/ra3/pub/rmgr -sigma0 task modname "run" task modname "corba_idl-test"
modaddr 0x02000000
module (nd)/tftpboot/ra3/pub/fiasco -nowait -vmware -serial -nokdb -serial_esc
module (nd)/tftpboot/ra3/pub/sigma0
module (nd)/tftpboot/ra3/pub/names
module (nd)/tftpboot/ra3/pub/log
module (nd)/tftpboot/ra3/pub/dm_phys
module (nd)/tftpboot/ra3/pub/con
module (nd)/tftpboot/ra3/pub/simple_ts
module (nd)/tftpboot/ra3/pub/tftp
module (nd)/tftpboot/ra3/pub/l4exec
module (nd)/tftpboot/ra3/pub/loader (nd)/tftpboot/ra3/pub/cfg_run (nd)/tftpboot/ra3/dice_tests/cfg_corba_idl
vbeset 0x4021

title = Loader (fpage1) - VMWare
kernel (nd)/tftpboot/ra3/pub/rmgr -sigma0 task modname "run" task modname "fpage1-server" task modname "fpage1-client"
modaddr 0x02000000
module (nd)/tftpboot/ra3/pub/fiasco -nowait -vmware -serial -nokdb -serial_esc
module (nd)/tftpboot/ra3/pub/sigma0
module (nd)/tftpboot/ra3/pub/names
module (nd)/tftpboot/ra3/pub/log
module (nd)/tftpboot/ra3/pub/dm_phys
module (nd)/tftpboot/ra3/pub/con
module (nd)/tftpboot/ra3/pub/simple_ts
module (nd)/tftpboot/ra3/pub/tftp
module (nd)/tftpboot/ra3/pub/l4exec
module (nd)/tftpboot/ra3/pub/loader (nd)/tftpboot/ra3/pub/cfg_run (nd)/tftpboot/ra3/dice_tests/cfg_fpage1
vbeset 0x4021

title = Loader (fpage2) - VMWare
kernel (nd)/tftpboot/ra3/pub/rmgr -sigma0 task modname "run" task modname "fpage2-server" task modname "fpage2-client"
modaddr 0x02000000
module (nd)/tftpboot/ra3/pub/fiasco -nowait -vmware -serial -nokdb -serial_esc
module (nd)/tftpboot/ra3/pub/sigma0
module (nd)/tftpboot/ra3/pub/names
module (nd)/tftpboot/ra3/pub/log
module (nd)/tftpboot/ra3/pub/dm_phys
module (nd)/tftpboot/ra3/pub/con
module (nd)/tftpboot/ra3/pub/simple_ts
module (nd)/tftpboot/ra3/pub/tftp
module (nd)/tftpboot/ra3/pub/l4exec
module (nd)/tftpboot/ra3/pub/loader (nd)/tftpboot/ra3/pub/cfg_run (nd)/tftpboot/ra3/dice_tests/cfg_fpage2
vbeset 0x4021

title = Loader (function_id) - VMWare
kernel (nd)/tftpboot/ra3/pub/rmgr -sigma0 task modname "run" task modname "function_id-test"
modaddr 0x02000000
module (nd)/tftpboot/ra3/pub/fiasco -nowait -vmware -serial -nokdb -serial_esc
module (nd)/tftpboot/ra3/pub/sigma0
module (nd)/tftpboot/ra3/pub/names
module (nd)/tftpboot/ra3/pub/log
module (nd)/tftpboot/ra3/pub/dm_phys
module (nd)/tftpboot/ra3/pub/con
module (nd)/tftpboot/ra3/pub/simple_ts
module (nd)/tftpboot/ra3/pub/tftp
module (nd)/tftpboot/ra3/pub/l4exec
module (nd)/tftpboot/ra3/pub/loader (nd)/tftpboot/ra3/pub/cfg_run (nd)/tftpboot/ra3/dice_tests/cfg_function_id
vbeset 0x4021

title = Loader (pagefault) - VMWare
kernel (nd)/tftpboot/ra3/pub/rmgr -sigma0 task modname "run" task modname "pagefault-test"
modaddr 0x02000000
module (nd)/tftpboot/ra3/pub/fiasco -nowait -vmware -serial -nokdb -serial_esc
module (nd)/tftpboot/ra3/pub/sigma0
module (nd)/tftpboot/ra3/pub/names
module (nd)/tftpboot/ra3/pub/log
module (nd)/tftpboot/ra3/pub/dm_phys
module (nd)/tftpboot/ra3/pub/con
module (nd)/tftpboot/ra3/pub/simple_ts
module (nd)/tftpboot/ra3/pub/tftp
module (nd)/tftpboot/ra3/pub/l4exec
module (nd)/tftpboot/ra3/pub/loader (nd)/tftpboot/ra3/pub/cfg_run (nd)/tftpboot/ra3/dice_tests/cfg_pagefault
vbeset 0x4021

title = Loader (ping) - VMWare
kernel (nd)/tftpboot/ra3/pub/rmgr -sigma0 task modname "run" task modname "ping-test"
modaddr 0x02000000
module (nd)/tftpboot/ra3/pub/fiasco -nowait -vmware -serial -nokdb -serial_esc
module (nd)/tftpboot/ra3/pub/sigma0
module (nd)/tftpboot/ra3/pub/names
module (nd)/tftpboot/ra3/pub/log
module (nd)/tftpboot/ra3/pub/dm_phys
module (nd)/tftpboot/ra3/pub/con
module (nd)/tftpboot/ra3/pub/simple_ts
module (nd)/tftpboot/ra3/pub/tftp
module (nd)/tftpboot/ra3/pub/l4exec
module (nd)/tftpboot/ra3/pub/loader (nd)/tftpboot/ra3/pub/cfg_run (nd)/tftpboot/ra3/dice_tests/cfg_ping
vbeset 0x4021

title = Loader (simple_idl) - VMWare
kernel (nd)/tftpboot/ra3/pub/rmgr -sigma0 task modname "run" task modname "simple_idl-test"
modaddr 0x02000000
module (nd)/tftpboot/ra3/pub/fiasco -nowait -vmware -serial -nokdb -serial_esc
module (nd)/tftpboot/ra3/pub/sigma0
module (nd)/tftpboot/ra3/pub/names
module (nd)/tftpboot/ra3/pub/log
module (nd)/tftpboot/ra3/pub/dm_phys
module (nd)/tftpboot/ra3/pub/con
module (nd)/tftpboot/ra3/pub/simple_ts
module (nd)/tftpboot/ra3/pub/tftp
module (nd)/tftpboot/ra3/pub/l4exec
module (nd)/tftpboot/ra3/pub/loader (nd)/tftpboot/ra3/pub/cfg_run (nd)/tftpboot/ra3/dice_tests/cfg_simple_idl
vbeset 0x4021

title = Loader (sockets) - VMWare
kernel (nd)/tftpboot/ra3/pub/rmgr -sigma0 task modname "run" task modname "sockets-server" task modname "sockets-client"
modaddr 0x02000000
module (nd)/tftpboot/ra3/pub/fiasco -nowait -vmware -serial -nokdb -serial_esc
module (nd)/tftpboot/ra3/pub/sigma0
module (nd)/tftpboot/ra3/pub/names
module (nd)/tftpboot/ra3/pub/log
module (nd)/tftpboot/ra3/pub/dm_phys
module (nd)/tftpboot/ra3/pub/con
module (nd)/tftpboot/ra3/pub/simple_ts
module (nd)/tftpboot/ra3/pub/tftp
module (nd)/tftpboot/ra3/pub/l4exec
module (nd)/tftpboot/ra3/pub/loader (nd)/tftpboot/ra3/pub/cfg_run (nd)/tftpboot/ra3/dice_tests/cfg_sockets
vbeset 0x4021

title = Loader (string1) - VMWare
kernel (nd)/tftpboot/ra3/pub/rmgr -sigma0 task modname "run" task modname "string1-test"
modaddr 0x02000000
module (nd)/tftpboot/ra3/pub/fiasco -nowait -vmware -serial -nokdb -serial_esc
module (nd)/tftpboot/ra3/pub/sigma0
module (nd)/tftpboot/ra3/pub/names
module (nd)/tftpboot/ra3/pub/log
module (nd)/tftpboot/ra3/pub/dm_phys
module (nd)/tftpboot/ra3/pub/con
module (nd)/tftpboot/ra3/pub/simple_ts
module (nd)/tftpboot/ra3/pub/tftp
module (nd)/tftpboot/ra3/pub/l4exec
module (nd)/tftpboot/ra3/pub/loader (nd)/tftpboot/ra3/pub/cfg_run (nd)/tftpboot/ra3/dice_tests/cfg_string1
vbeset 0x4021

title = Loader (string2) - VMWare
kernel (nd)/tftpboot/ra3/pub/rmgr -sigma0 task modname "run" task modname "string2-test"
modaddr 0x02000000
module (nd)/tftpboot/ra3/pub/fiasco -nowait -vmware -serial -nokdb -serial_esc
module (nd)/tftpboot/ra3/pub/sigma0
module (nd)/tftpboot/ra3/pub/names
module (nd)/tftpboot/ra3/pub/log
module (nd)/tftpboot/ra3/pub/dm_phys
module (nd)/tftpboot/ra3/pub/con
module (nd)/tftpboot/ra3/pub/simple_ts
module (nd)/tftpboot/ra3/pub/tftp
module (nd)/tftpboot/ra3/pub/l4exec
module (nd)/tftpboot/ra3/pub/loader (nd)/tftpboot/ra3/pub/cfg_run (nd)/tftpboot/ra3/dice_tests/cfg_string2
vbeset 0x4021

title = Loader (string3) - VMWare
kernel (nd)/tftpboot/ra3/pub/rmgr -sigma0 task modname "run" task modname "string3-test"
modaddr 0x02000000
module (nd)/tftpboot/ra3/pub/fiasco -nowait -vmware -serial -nokdb -serial_esc
module (nd)/tftpboot/ra3/pub/sigma0
module (nd)/tftpboot/ra3/pub/names
module (nd)/tftpboot/ra3/pub/log
module (nd)/tftpboot/ra3/pub/dm_phys
module (nd)/tftpboot/ra3/pub/con
module (nd)/tftpboot/ra3/pub/simple_ts
module (nd)/tftpboot/ra3/pub/tftp
module (nd)/tftpboot/ra3/pub/l4exec
module (nd)/tftpboot/ra3/pub/loader (nd)/tftpboot/ra3/pub/cfg_run (nd)/tftpboot/ra3/dice_tests/cfg_string3
vbeset 0x4021

title = Loader (string4) - VMWare
kernel (nd)/tftpboot/ra3/pub/rmgr -sigma0 task modname "run" task modname "string4-test"
modaddr 0x02000000
module (nd)/tftpboot/ra3/pub/fiasco -nowait -vmware -serial -nokdb -serial_esc
module (nd)/tftpboot/ra3/pub/sigma0
module (nd)/tftpboot/ra3/pub/names
module (nd)/tftpboot/ra3/pub/log
module (nd)/tftpboot/ra3/pub/dm_phys
module (nd)/tftpboot/ra3/pub/con
module (nd)/tftpboot/ra3/pub/simple_ts
module (nd)/tftpboot/ra3/pub/tftp
module (nd)/tftpboot/ra3/pub/l4exec
module (nd)/tftpboot/ra3/pub/loader (nd)/tftpboot/ra3/pub/cfg_run (nd)/tftpboot/ra3/dice_tests/cfg_string4
vbeset 0x4021

title = Loader (string5) - VMWare
kernel (nd)/tftpboot/ra3/pub/rmgr -sigma0 task modname "run" task modname "string5-test"
modaddr 0x02000000
module (nd)/tftpboot/ra3/pub/fiasco -nowait -vmware -serial -nokdb -serial_esc
module (nd)/tftpboot/ra3/pub/sigma0
module (nd)/tftpboot/ra3/pub/names
module (nd)/tftpboot/ra3/pub/log
module (nd)/tftpboot/ra3/pub/dm_phys
module (nd)/tftpboot/ra3/pub/con
module (nd)/tftpboot/ra3/pub/simple_ts
module (nd)/tftpboot/ra3/pub/tftp
module (nd)/tftpboot/ra3/pub/l4exec
module (nd)/tftpboot/ra3/pub/loader (nd)/tftpboot/ra3/pub/cfg_run (nd)/tftpboot/ra3/dice_tests/cfg_string5
vbeset 0x4021

title = Loader (string6) - VMWare
kernel (nd)/tftpboot/ra3/pub/rmgr -sigma0 task modname "run" task modname "string6-test"
modaddr 0x02000000
module (nd)/tftpboot/ra3/pub/fiasco -nowait -vmware -serial -nokdb -serial_esc
module (nd)/tftpboot/ra3/pub/sigma0
module (nd)/tftpboot/ra3/pub/names
module (nd)/tftpboot/ra3/pub/log
module (nd)/tftpboot/ra3/pub/dm_phys
module (nd)/tftpboot/ra3/pub/con
module (nd)/tftpboot/ra3/pub/simple_ts
module (nd)/tftpboot/ra3/pub/tftp
module (nd)/tftpboot/ra3/pub/l4exec
module (nd)/tftpboot/ra3/pub/loader (nd)/tftpboot/ra3/pub/cfg_run (nd)/tftpboot/ra3/dice_tests/cfg_string6
vbeset 0x4021

title = Loader (string7) - VMWare
kernel (nd)/tftpboot/ra3/pub/rmgr -sigma0 task modname "run" task modname "string7-test"
modaddr 0x02000000
module (nd)/tftpboot/ra3/pub/fiasco -nowait -vmware -serial -nokdb -serial_esc
module (nd)/tftpboot/ra3/pub/sigma0
module (nd)/tftpboot/ra3/pub/names
module (nd)/tftpboot/ra3/pub/log
module (nd)/tftpboot/ra3/pub/dm_phys
module (nd)/tftpboot/ra3/pub/con
module (nd)/tftpboot/ra3/pub/simple_ts
module (nd)/tftpboot/ra3/pub/tftp
module (nd)/tftpboot/ra3/pub/l4exec
module (nd)/tftpboot/ra3/pub/loader (nd)/tftpboot/ra3/pub/cfg_run (nd)/tftpboot/ra3/dice_tests/cfg_string7
vbeset 0x4021

title = Loader (string8) - VMWare
kernel (nd)/tftpboot/ra3/pub/rmgr -sigma0 task modname "run" task modname "string8-test"
modaddr 0x02000000
module (nd)/tftpboot/ra3/pub/fiasco -nowait -vmware -serial -nokdb -serial_esc
module (nd)/tftpboot/ra3/pub/sigma0
module (nd)/tftpboot/ra3/pub/names
module (nd)/tftpboot/ra3/pub/log
module (nd)/tftpboot/ra3/pub/dm_phys
module (nd)/tftpboot/ra3/pub/con
module (nd)/tftpboot/ra3/pub/simple_ts
module (nd)/tftpboot/ra3/pub/tftp
module (nd)/tftpboot/ra3/pub/l4exec
module (nd)/tftpboot/ra3/pub/loader (nd)/tftpboot/ra3/pub/cfg_run (nd)/tftpboot/ra3/dice_tests/cfg_string8
vbeset 0x4021

title = Loader (string_idl) - VMWare
kernel (nd)/tftpboot/ra3/pub/rmgr -sigma0 task modname "run" task modname "string_idl-test"
modaddr 0x02000000
module (nd)/tftpboot/ra3/pub/fiasco -nowait -vmware -serial -nokdb -serial_esc
module (nd)/tftpboot/ra3/pub/sigma0
module (nd)/tftpboot/ra3/pub/names
module (nd)/tftpboot/ra3/pub/log
module (nd)/tftpboot/ra3/pub/dm_phys
module (nd)/tftpboot/ra3/pub/con
module (nd)/tftpboot/ra3/pub/simple_ts
module (nd)/tftpboot/ra3/pub/tftp
module (nd)/tftpboot/ra3/pub/l4exec
module (nd)/tftpboot/ra3/pub/loader (nd)/tftpboot/ra3/pub/cfg_run (nd)/tftpboot/ra3/dice_tests/cfg_string_idl
vbeset 0x4021

title = Loader (struct2) - VMWare
kernel (nd)/tftpboot/ra3/pub/rmgr -sigma0 task modname "run" task modname "struct2-test"
modaddr 0x02000000
module (nd)/tftpboot/ra3/pub/fiasco -nowait -vmware -serial -nokdb -serial_esc
module (nd)/tftpboot/ra3/pub/sigma0
module (nd)/tftpboot/ra3/pub/names
module (nd)/tftpboot/ra3/pub/log
module (nd)/tftpboot/ra3/pub/dm_phys
module (nd)/tftpboot/ra3/pub/con
module (nd)/tftpboot/ra3/pub/simple_ts
module (nd)/tftpboot/ra3/pub/tftp
module (nd)/tftpboot/ra3/pub/l4exec
module (nd)/tftpboot/ra3/pub/loader (nd)/tftpboot/ra3/pub/cfg_run (nd)/tftpboot/ra3/dice_tests/cfg_struct2
vbeset 0x4021

title = Loader (struct_idl) - VMWare
kernel (nd)/tftpboot/ra3/pub/rmgr -sigma0 task modname "run" task modname "struct_idl-test"
modaddr 0x02000000
module (nd)/tftpboot/ra3/pub/fiasco -nowait -vmware -serial -nokdb -serial_esc
module (nd)/tftpboot/ra3/pub/sigma0
module (nd)/tftpboot/ra3/pub/names
module (nd)/tftpboot/ra3/pub/log
module (nd)/tftpboot/ra3/pub/dm_phys
module (nd)/tftpboot/ra3/pub/con
module (nd)/tftpboot/ra3/pub/simple_ts
module (nd)/tftpboot/ra3/pub/tftp
module (nd)/tftpboot/ra3/pub/l4exec
module (nd)/tftpboot/ra3/pub/loader (nd)/tftpboot/ra3/pub/cfg_run (nd)/tftpboot/ra3/dice_tests/cfg_struct_idl
vbeset 0x4021

title = l4str - VMWare
kernel (nd)/tftpboot/ra3/pub/rmgr -sigma0 task modname "run" task modname "l4str_server" task modname "l4str_client"
modaddr 0x02000000
module (nd)/tftpboot/ra3/pub/fiasco -nowait -vmware -serial -nokdb -serial_esc
module (nd)/tftpboot/ra3/pub/sigma0
module (nd)/tftpboot/ra3/pub/names
module (nd)/tftpboot/ra3/pub/log --prio 0xA1
module (nd)/tftpboot/ra3/pub/dm_phys --mem=0x02000000,0x01000000,0xffffffff
module (nd)/tftpboot/ra3/dice_tests/l4str_server
module (nd)/tftpboot/ra3/dice_tests/l4str_client
vbeset 0x4021

title =l4union - VMWare
kernel (nd)/tftpboot/ra3/pub/rmgr -sigma0 task modname "run" task modname "l4union_server" task modname "l4union_client"
modaddr 0x02000000
module (nd)/tftpboot/ra3/pub/fiasco -nowait -vmware -serial -nokdb -serial_esc
module (nd)/tftpboot/ra3/pub/sigma0
module (nd)/tftpboot/ra3/pub/names
module (nd)/tftpboot/ra3/pub/log --prio 0xA1
module (nd)/tftpboot/ra3/pub/dm_phys --mem=0x02000000,0x01000000,0xffffffff
module (nd)/tftpboot/ra3/dice_tests/l4union_server
module (nd)/tftpboot/ra3/dice_tests/l4union_client
vbeset 0x4021

title = Loader (sort1) - VMWare
kernel (nd)/tftpboot/ra3/pub/rmgr -sigma0 task modname "run" task modname "sort1-test"
modaddr 0x02000000
module (nd)/tftpboot/ra3/pub/fiasco -nowait -vmware -serial -nokdb -serial_esc
module (nd)/tftpboot/ra3/pub/sigma0
module (nd)/tftpboot/ra3/pub/names
module (nd)/tftpboot/ra3/pub/log
module (nd)/tftpboot/ra3/pub/dm_phys
module (nd)/tftpboot/ra3/pub/con
module (nd)/tftpboot/ra3/pub/simple_ts
module (nd)/tftpboot/ra3/pub/tftp
module (nd)/tftpboot/ra3/pub/l4exec
module (nd)/tftpboot/ra3/pub/loader (nd)/tftpboot/ra3/pub/cfg_run (nd)/tftpboot/ra3/dice_tests/cfg_sort1
vbeset 0x4021

title = init-rcvstring - VMWare
kernel (nd)/tftpboot/ra3/pub/rmgr -sigma0 task modname "run" task modname "init-rcvstring_server" task modname "init-rcvstring_client"
modaddr 0x02000000
module (nd)/tftpboot/ra3/pub/fiasco -nowait -vmware -serial -nokdb -serial_esc
module (nd)/tftpboot/ra3/pub/sigma0
module (nd)/tftpboot/ra3/pub/names
module (nd)/tftpboot/ra3/pub/log --prio 0xA1
module (nd)/tftpboot/ra3/pub/dm_phys --mem=0x02000000,0x01000000,0xffffffff
module (nd)/tftpboot/ra3/dice_tests/init-rcvstring_server
module (nd)/tftpboot/ra3/dice_tests/init-rcvstring_client
vbeset 0x4021

